<?xml version="1.0" encoding="UTF-8"?>
<testsuites>
    <testsuite name="make-choices;when-i-choose-iphone-z-and-18-month-contract" tests="4" failures="0" skipped="3">
        <properties>
            <property name="URI" value="/Applications/AMPPS/www/MVT19/Sellaphone-to-test-2020/client/tests/selenium/features/choose.feature">
            </property>
        </properties>
        <testcase name="Given that I&apos;m at the Sellaphone page" classname="make-choices;when-i-choose-iphone-z-and-18-month-contract" time="6.532816993">
        </testcase>
        <testcase name="When I choose &apos;iPhone Z&apos;" classname="make-choices;when-i-choose-iphone-z-and-18-month-contract">
            <skipped message="">
            </skipped>
        </testcase>
        <testcase name="And I choose the 18 month contract" classname="make-choices;when-i-choose-iphone-z-and-18-month-contract">
            <skipped message="">
            </skipped>
        </testcase>
        <testcase name="Then the total should be 200" classname="make-choices;when-i-choose-iphone-z-and-18-month-contract">
            <skipped message="">
            </skipped>
        </testcase>
    </testsuite>
</testsuites>